INFO [2026-08-27 20:41:38] $x
INFO [2026-08-27 20:41:38] list(skin, cloth, room, gcms_only, s3)
INFO [2026-08-27 20:41:38] 
INFO [2026-08-27 20:41:38] $category.names
INFO [2026-08-27 20:41:38] c("Skin", "Cloth-control", "Room-control", "Blank-control", "Mitra et al.")
INFO [2026-08-27 20:41:38] 
INFO [2026-08-27 20:41:38] $filename
INFO [2026-08-27 20:41:38] NULL
INFO [2026-08-27 20:41:38] 
INFO [2026-08-27 20:41:38] $output
INFO [2026-08-27 20:41:38] [1] FALSE
INFO [2026-08-27 20:41:38] 
INFO [2026-08-27 20:41:38] $margin
INFO [2026-08-27 20:41:38] [1] 0.18
INFO [2026-08-27 20:41:38] 
INFO [2026-08-27 20:41:38] $cat.cex
INFO [2026-08-27 20:41:38] [1] 0.8
INFO [2026-08-27 20:41:38] 
INFO [2026-08-27 20:41:38] $cex
INFO [2026-08-27 20:41:38] [1] 0.8
INFO [2026-08-27 20:41:38] 
INFO [2026-08-27 20:41:38] [[8]]
INFO [2026-08-27 20:41:38] 
INFO [2026-08-27 20:41:38] 
