INFO [2026-08-27 20:41:12] $x
INFO [2026-08-27 20:41:12] list(skin, cloth, room, gcms_only, s3)
INFO [2026-08-27 20:41:12] 
INFO [2026-08-27 20:41:12] $category.names
INFO [2026-08-27 20:41:12] c("Skin", "Cloth-control", "Room-control", "Blank-control", "Mitra et al.")
INFO [2026-08-27 20:41:12] 
INFO [2026-08-27 20:41:12] $filename
INFO [2026-08-27 20:41:12] NULL
INFO [2026-08-27 20:41:12] 
INFO [2026-08-27 20:41:12] $output
INFO [2026-08-27 20:41:12] [1] FALSE
INFO [2026-08-27 20:41:12] 
INFO [2026-08-27 20:41:12] $margin
INFO [2026-08-27 20:41:12] [1] 0.18
INFO [2026-08-27 20:41:12] 
INFO [2026-08-27 20:41:12] $cat.cex
INFO [2026-08-27 20:41:12] [1] 0.8
INFO [2026-08-27 20:41:12] 
INFO [2026-08-27 20:41:12] $cex
INFO [2026-08-27 20:41:12] [1] 0.8
INFO [2026-08-27 20:41:12] 
INFO [2026-08-27 20:41:12] [[8]]
INFO [2026-08-27 20:41:12] 
INFO [2026-08-27 20:41:12] 
