INFO [2026-08-27 09:39:21] $x
INFO [2026-08-27 09:39:21] list(skin, cloth, room, gcms_only, s3)
INFO [2026-08-27 09:39:21] 
INFO [2026-08-27 09:39:21] $category.names
INFO [2026-08-27 09:39:21] c("Skin", "Cloth-control", "Room-control", "Blank-control", "Mitra et al.")
INFO [2026-08-27 09:39:21] 
INFO [2026-08-27 09:39:21] $filename
INFO [2026-08-27 09:39:21] NULL
INFO [2026-08-27 09:39:21] 
INFO [2026-08-27 09:39:21] $output
INFO [2026-08-27 09:39:21] [1] FALSE
INFO [2026-08-27 09:39:21] 
INFO [2026-08-27 09:39:21] $margin
INFO [2026-08-27 09:39:21] [1] 0.18
INFO [2026-08-27 09:39:21] 
INFO [2026-08-27 09:39:21] $cat.cex
INFO [2026-08-27 09:39:21] [1] 0.8
INFO [2026-08-27 09:39:21] 
INFO [2026-08-27 09:39:21] $cex
INFO [2026-08-27 09:39:21] [1] 0.8
INFO [2026-08-27 09:39:21] 
INFO [2026-08-27 09:39:21] [[8]]
INFO [2026-08-27 09:39:21] 
INFO [2026-08-27 09:39:21] 
