INFO [2026-08-27 15:56:54] $x
INFO [2026-08-27 15:56:54] list(skin, cloth, room, gcms_only, s3)
INFO [2026-08-27 15:56:54] 
INFO [2026-08-27 15:56:54] $category.names
INFO [2026-08-27 15:56:54] c("Skin", "Cloth-control", "Room-control", "Blank-control", "Mitra et al.")
INFO [2026-08-27 15:56:54] 
INFO [2026-08-27 15:56:54] $filename
INFO [2026-08-27 15:56:54] NULL
INFO [2026-08-27 15:56:54] 
INFO [2026-08-27 15:56:54] $output
INFO [2026-08-27 15:56:54] [1] FALSE
INFO [2026-08-27 15:56:54] 
INFO [2026-08-27 15:56:54] $margin
INFO [2026-08-27 15:56:54] [1] 0.18
INFO [2026-08-27 15:56:54] 
INFO [2026-08-27 15:56:54] $cat.cex
INFO [2026-08-27 15:56:54] [1] 0.8
INFO [2026-08-27 15:56:54] 
INFO [2026-08-27 15:56:54] $cex
INFO [2026-08-27 15:56:54] [1] 0.8
INFO [2026-08-27 15:56:54] 
INFO [2026-08-27 15:56:54] [[8]]
INFO [2026-08-27 15:56:54] 
INFO [2026-08-27 15:56:54] 
